C:\Users\Dinkar Gawade\Desktop\udp server.py
C:\Users\Dinkar Gawade\Desktop\server.py
C:\Users\Dinkar Gawade\Desktop\client.py
C:\Users\Dinkar Gawade\Desktop\udp client.py
C:\Users\Dinkar Gawade\Desktop\client tcp.py
C:\Users\Dinkar Gawade\Desktop\New folder (2)\py exp 10.py
C:\Users\Dinkar Gawade\Desktop\New folder (2)\mypackage\area.py
C:\Users\Dinkar Gawade\Desktop\New folder (2)\mypackage\details.py
C:\Users\Dinkar Gawade\Desktop\New folder (2)\mypackage\calci.py
C:\Users\Dinkar Gawade\Desktop\New folder (2)\py exp 9.py
C:\Users\Dinkar Gawade\Desktop\New folder (2)\py exp 8.4.py
C:\Users\Dinkar Gawade\Desktop\New folder (2)\mymod1.py
C:\Users\Dinkar Gawade\Desktop\New folder (2)\py exp 8.py
C:\Users\Dinkar Gawade\Desktop\New folder (2)\py exp 8.1.py
C:\Users\Dinkar Gawade\Desktop\New folder (2)\mymod.py
C:\Users\Dinkar Gawade\Desktop\New folder (2)\py exp 7.py
C:\Users\Dinkar Gawade\Desktop\server tcp.py
C:\Users\Dinkar Gawade\Desktop\py exp 4.py
C:\Users\Dinkar Gawade\Desktop\py exp 5.py
C:\Users\Dinkar Gawade\Desktop\py exp 6.py
C:\Users\Dinkar Gawade\Desktop\New folder (2)\p assign3.py
